// Jest Snapshot v1, https://goo.gl/fbAQLP

exports[`catalog component renders correctly 1`] = `
<RCTScrollView
  data={[MockFunction]}
  disableVirtualization={false}
  getItem={[Function]}
  getItemCount={[Function]}
  horizontal={false}
  initialNumToRender={10}
  keyExtractor={[Function]}
  maxToRenderPerBatch={10}
  numColumns={3}
  onContentSizeChange={[Function]}
  onEndReachedThreshold={2}
  onLayout={[Function]}
  onMomentumScrollEnd={[Function]}
  onScroll={[Function]}
  onScrollBeginDrag={[Function]}
  onScrollEndDrag={[Function]}
  refreshControl={
    <RefreshControlMock
      onRefresh={[Function]}
      refreshing={[MockFunction]}
    />
  }
  removeClippedSubviews={false}
  renderItem={[Function]}
  scrollEventThrottle={50}
  stickyHeaderIndices={Array []}
  style={
    Object {
      "backgroundColor": "#eef2ff",
    }
  }
  updateCellsBatchingPeriod={50}
  viewabilityConfigCallbackPairs={Array []}
  windowSize={21}
>
  <RCTRefreshControl />
  <View />
</RCTScrollView>
`;
